{
  "inputs": [
    {
      "path": "D:\\Eudoria_Reconstruction\\pcg_install\\Entropia.exe",
      "size": 8015872,
      "sha256": "E7785430E81DFFE648CE8F5312414B17BC9FCE61389689A22F753765D5280F31"
    },
    {
      "path": "D:\\Eudoria_Reconstruction\\pcg_install\\Data\\Parameters\\templates.vfs",
      "size": 560788,
      "sha256": "BE57818C7516F8C6C8A68DF427591567DD0E5A421934AC24ADA57E8261F65B77"
    },
    {
      "path": "D:\\Eudoria_Reconstruction\\pcg_install\\Data\\Models\\Models.bnt",
      "size": 395412868,
      "sha256": "C950A8C26F2063F4DD748D88C95BD769AAC77A2F5F76FACE7E969BE0B3D3BEE0"
    },
    {
      "path": "D:\\Eudoria_Reconstruction\\pcg_install\\Data\\Volumes\\Volumes.bnt",
      "size": 3746375,
      "sha256": "6AD8BA3C5AD6F7534F91C1956A0E36485A49BBEF3FFA918CBDDC0C68EDBABC09"
    },
    {
      "path": "D:\\Eudoria_Reconstruction\\pcg_install\\Data\\Portals\\Portals.bnt",
      "size": 80682,
      "sha256": "3DFA241E0195E9807703391286FE313F8441DF1B482EA598884D46C044CD886F"
    }
  ],
  "join": {
    "block": 36,
    "records": 5438,
    "crcFailures": 0,
    "uniqueA": 3618,
    "uniqueB": 1666,
    "zeroB": 3746,
    "models": 5596,
    "volumes": 1865,
    "missingA": [],
    "missingB": [],
    "unreferencedModels": 1978,
    "unreferencedVolumes": 199,
    "modelCorpusCoveragePercent": 64.65332380271623,
    "anchors": [
      {
        "offset": 93976,
        "id": 2249,
        "A": 278453,
        "B": 278454,
        "C": 0
      },
      {
        "offset": 96496,
        "id": 4508,
        "A": 296445,
        "B": 296446,
        "C": 0
      },
      {
        "offset": 97288,
        "id": 4752,
        "A": 126740,
        "B": 126741,
        "C": 0
      }
    ],
    "negative": {
      "AasBvi": false,
      "BasNif": false,
      "nonexistent": false
    },
    "template4508D": {
      "fileOffset": 96528,
      "rawBits": "0x42F9E1CB",
      "float32": 124.94100189208984,
      "semanticRole": "UNKNOWN; an actual template value does not type every +0x10 getter receiver."
    }
  },
  "portals": {
    "entries": 276,
    "index": 73218,
    "totalPayloadBytes": 73218,
    "uniqueNames": 276,
    "crcFailures": 0,
    "window": [
      "505009.prt",
      "505033.prt",
      "505076.prt",
      "505211.prt",
      "505227.prt",
      "505593.prt",
      "505753.prt",
      "505777.prt",
      "505815.prt",
      "505948.prt",
      "506371.prt",
      "507165.prt",
      "507204.prt",
      "507224.prt",
      "508495.prt",
      "508588.prt",
      "508949.prt",
      "509990.prt",
      "509991.prt"
    ],
    "anchorCountsAllByteOffsets": {
      "185": 0,
      "1700": 0,
      "1704": 0,
      "2249": 0,
      "4508": 0,
      "4752": 0,
      "20005": 0,
      "20006": 0,
      "20007": 0,
      "126740": 0,
      "278453": 0,
      "296445": 0,
      "296446": 0
    },
    "interpretation": "Only absence of these 13 raw LE32 values; no exclusion of indirect/compressed/differently encoded placement."
  },
  "VA": {
    "count": 64,
    "mismatches": []
  },
  "calls": {
    "lookup": 25,
    "pump": 13,
    "attributeSetter": 53,
    "positionSetter": 15,
    "rotationSetter": 11,
    "extraSetter": 7,
    "recordInit": 21,
    "recordCtor": 26,
    "execute": 0,
    "genericPlus8Getter": 808
  },
  "receiver": {
    "classVtable": "0x00A86850",
    "COL": "0x00AA7F28",
    "typeDescriptor": "0x00B8D068",
    "RTTI": ".?AVArkObjectClass@@",
    "factorySlot1": "0x0070BF50",
    "classCtorWrite": {
      "va": "0x0070CFB6",
      "bytes": "c7065068a80033db895e04896e0889188818895804894008"
    },
    "getter": {
      "va": "0x007CE1E0",
      "bytes": "8b4108c3"
    },
    "objectCtor": {
      "va": "0x00726E9A",
      "bytes": "8b5c24248d4e08c706486ba800895e04e841c6ceff33ff8bcb897c241ce824730a008946288b442428"
    },
    "factoryBody": {
      "va": "0x0070BF50",
      "bytes": "6aff68bbc3a00064a100000000505156a1d0d8b90033c4508d44240c64a3000000008bf16a58e84914250083c4048944240885c0c74424140000000074208b4c241c51568bc8e8d5ae01008b4c240c64890d00000000595e83c410c2040033c08b4c240c64890d00000000595e83c410c20400"
    },
    "interpretation": "ArkObjectClass virtual factory 0070BF50 passes its this as first argument to ArkObject ctor 00726E70. Shared getter +8 is not proof of templates.vfs field A."
  },
  "dispatch": {
    "slot": 12,
    "destination": "0x004B1A11",
    "callSite": "0x004B1A16",
    "callTarget": "0x005B72C0",
    "limit": "Dispatch edge only; producer and full message grammar not established by this probe."
  },
  "parameters": 27,
  "manifests": [
    {
      "name": "round",
      "rows": 53,
      "checked": 49,
      "comments": 4,
      "references": 4,
      "missing": [],
      "mismatches": []
    },
    {
      "name": "source",
      "rows": 351,
      "checked": 351,
      "comments": 0,
      "references": 0,
      "missing": [],
      "mismatches": [
        {
          "path": "02_ANALYSIS/Z1_producer.md",
          "actual": "DB2689A13A85FAD0AF7EE665E2F8AADF166799B1C88098F0AFDC701B9B4D5601",
          "expected": "9E2776D1377A14B705F7F181ABD1EE96372C1985402D09F609DAA0B3D4E75120"
        },
        {
          "path": "02_ANALYSIS/Z3_portals.md",
          "actual": "BE74524BE2975780FC457F6E16FF6CC28C3CAAAA34C21D5A5188A30185D3F6A8",
          "expected": "2D002AE16725432D33C26A29592C25938AB5CB83759E0C3EB68E669CFC7BD1AD"
        },
        {
          "path": "06_REPORT/HANDOFF.md",
          "actual": "2D1603354BBD58028FE2FB55F754278B711BABEF802366B665F1D57BFDCDEC96",
          "expected": "695C160073D74EC7D6A78153B827769FA7097D218713FEDB6051B435CBA358DE"
        },
        {
          "path": "06_REPORT/REPORT.md",
          "actual": "6BC4DCED40BCD36937C01029AB0D0059FCE219E5D3A6858CE1E2625001384A20",
          "expected": "4B05C1DBEE8A13E265788A3165CD690D7F56BD5D1F797A9792E8BD630A311B60"
        }
      ]
    },
    {
      "name": "instance",
      "rows": 192,
      "checked": 192,
      "comments": 0,
      "references": 0,
      "missing": [],
      "mismatches": [
        {
          "path": "06_REPORT\\REPORT.md",
          "actual": "FCDDF0CC386D5E04E102C4678B7E3DEAD1CF444D6D2E26E29AA5750CFCA28166",
          "expected": "837332C04D49CBF1592EBE53BBD562E3889A63A7B94B672E756D9CB086CF53BD"
        }
      ]
    }
  ]
}
