[PASS] ver_pack_10_1_0_0 
[PASS] ver_pack_4_1_0_12 
[PASS] registry_198 
[PASS] adapter_doc 
[PASS] registry_ninode 
[PASS] registry_no_niark 
[PASS] wrong_version_rejected LATER_VERSION: Unknown NIF version.
[PASS] too_old_rejected OLDER_VERSION: NIF version is too old.
[PASS] not_nif_file 
[PASS] determinism_synth 
[PASS] no_timestamp_key 
== F1 RTTI table-order battery (source: NiStream.cpp L412-449) ==
MEASURED_QUANTITY: load_result verdict + rtti_table_validation (first_rtti_miss / first_miss_table_index / names_read / source_predicted_verdict)
INDEPENDENT_SOURCE_OF_TRUTH: pinned NiStream.cpp LoadRTTI L421-433 control flow (name -> factory check -> next name; indices L436-444 only after the whole table registered)
WHY_NON_CIRCULAR: expectations were derived from the pinned source + hand-built fixtures before the fix; a regression to object-reference-order validation fails these controls
FAILURE_CASE_DETECTED: an adapter that skips unused unregistered table entries, or reports the first miss in object order, or reads indices/past the truncated table before the factory miss, FAILS these controls
[PASS] f1_registered_only_baseline roots=[0]
[PASS] f1_unused_unregistered_entry_rejected error='RTTIError(NiXyzzyx): cannot find create function.'
[PASS] f1_ordinary_miss_reads_no_object_data histogram/census/objects not reported past the miss
[PASS] f1_first_miss_table_order_not_object_order error='RTTIError(NiXyzzyx): cannot find create function.' (object order would give NiQuuxzyx)
[PASS] f1_full_decode_keeps_source_verdict error='RTTIError(NiXyzzyx): cannot find create function.' first='NiXyzzyx'@1
[PASS] f1_miss_precedes_incomplete_indices error='RTTIError(NiXyzzyx): cannot find create function.' (index-stage errors would be INVALID_TYPE_INDEX/NOT_NIF_FILE/DECODE_ERROR)
[PASS] f1_miss_precedes_truncated_later_name error='RTTIError(NiXyzzyx): cannot find create function.'
[PASS] f1_full_decode_extension_failure_never_masks_source_verdict error='RTTIError(NiXyzzyx): cannot find create function.' warnings=['EXTENDED_TABLE_READ_FAILED (OUR extension; the ORIGINAL GB 1.2 load already failed at the RTTI factory miss): EOF: need 1024 bytes at 79', 'decode_continued_after_rtti_gate=true is OUR extension; the ORIGINAL GB 1.2 Load() returns false at LoadRTTI (verdict reported in load_result); SOURCE_PREDICTED_VERDICT=REJECTED FIRST_RTTI_MISS=NiXyzzyx (table index 1)']
TESTS: 0 failures: []
