[PASS] fixture_bytes_C1A_battery_eq_generator size=94 sha256=928A1447A3F6911DAD96495307AAA97340133186223AA3B4288CFB4E493A5FCF
[PASS] fixture_bytes_C1B_battery_eq_generator size=196 sha256=719A7EB36E9D2B80E648A03C39C1D5A164586D4AC1532F6F0ACE681FB1C382D6
[PASS] ce_C1A_full_structured_json_emitted_exit_ne0 exit=2
[PASS] ce_C1A_full_verdict error='RTTIError(NiDesktopFirstMissing): cannot find create function.'
[PASS] ce_C1A_full_keeps_earlier_miss_and_table_state first='NiDesktopFirstMissing'@1 names_read=2
[PASS] ce_C1A_full_halt_marker marker='STOP_AT_TABLE_FAILURE'
[PASS] ce_C1A_full_no_object_data_read objects/histogram/census/groups/roots/count_check absent
[PASS] ce_C1A_full_no_index_stage_continuation no index-stage halt warning; table-failure halt present
[PASS] ce_C1A_ordinary_unchanged ordinary stops at the first miss; no halt markers
[PASS] ce_C1B_full_structured_json_emitted_exit_ne0 exit=2
[PASS] ce_C1B_full_verdict error='RTTIError(NiDesktopFirstMissing): cannot find create function.'
[PASS] ce_C1B_full_keeps_earlier_miss_and_table_state first='NiDesktopFirstMissing'@1 names_read=2
[PASS] ce_C1B_full_halt_marker marker='STOP_AT_TABLE_FAILURE'
[PASS] ce_C1B_full_no_object_data_read objects/histogram/census/groups/roots/count_check absent
[PASS] ce_C1B_full_no_index_stage_continuation no index-stage halt warning; table-failure halt present
[PASS] ce_C1B_ordinary_unchanged ordinary stops at the first miss; no halt markers
[PASS] ce_C1A_ordinary_bytes_identical_pre_post_fix exit pre=2 post=2
[PASS] ce_C1B_ordinary_bytes_identical_pre_post_fix exit pre=2 post=2
[PASS] prefix_C1A_traceback_reproduced exit=1, empty stdout, IndexError at type_names[ix]
[PASS] prefix_C1B_spurious_object_reproduced spurious NiNode + histogram/census/groups/roots from the unfinished name bytes
[PASS] fx_F_full_now_halts_at_table_failure F fixture full-decode halts at the table failure (pre-C1: index-stage halt after reading at EOF from the unknown boundary)
QC_VERDICT=SELF_CHECK_QC_PASS (21 checks)
